[laravel.coderthemes.com/ubold/vertical/dashboard-2.html]
[backblue.gif]
[fade.gif]
[index.html]
[laravel.coderthemes.com/ubold/vertical/assets/images/favicon.ico]
[laravel.coderthemes.com/ubold/vertical/assets/libs/jquery-vectormap/jquery-vectormap.min.css]
[laravel.coderthemes.com/ubold/vertical/assets/css/bootstrap.min.css]
[laravel.coderthemes.com/ubold/vertical/assets/images/users/user-1.jpg]
[laravel.coderthemes.com/ubold/vertical/assets/images/users/user-4.jpg]
[laravel.coderthemes.com/ubold/vertical/assets/css/app.min.css]
[laravel.coderthemes.com/ubold/vertical/assets/css/icons.min.css]
[laravel.coderthemes.com/ubold/vertical/index.html]
[laravel.coderthemes.com/ubold/vertical/assets/images/logo-light.png]
[laravel.coderthemes.com/ubold/vertical/assets/images/logo-sm.png]
[laravel.coderthemes.com/ubold/vertical/dashboard-3.html]
[laravel.coderthemes.com/ubold/vertical/dashboard-4.html]
[laravel.coderthemes.com/ubold/vertical/apps-kanbanboard.html]
[laravel.coderthemes.com/ubold/vertical/apps-calendar.html]
[laravel.coderthemes.com/ubold/vertical/apps-contacts.html]
[laravel.coderthemes.com/ubold/vertical/apps-projects.html]
[laravel.coderthemes.com/ubold/vertical/apps-tickets.html]
[laravel.coderthemes.com/ubold/vertical/apps-companies.html]
[laravel.coderthemes.com/ubold/vertical/crm-dashboard.html]
[laravel.coderthemes.com/ubold/vertical/crm-contacts.html]
[laravel.coderthemes.com/ubold/vertical/crm-opportunities.html]
[laravel.coderthemes.com/ubold/vertical/crm-leads.html]
[laravel.coderthemes.com/ubold/vertical/crm-customers.html]
[laravel.coderthemes.com/ubold/vertical/ecommerce-dashboard.html]
[laravel.coderthemes.com/ubold/vertical/ecommerce-products.html]
[laravel.coderthemes.com/ubold/vertical/ecommerce-prduct-detail.html]
[laravel.coderthemes.com/ubold/vertical/ecommerce-product-edit.html]
[laravel.coderthemes.com/ubold/vertical/ecommerce-orders.html]
[laravel.coderthemes.com/ubold/vertical/ecommerce-sellers.html]
[laravel.coderthemes.com/ubold/vertical/layouts-sidebar-user.html]
[laravel.coderthemes.com/ubold/vertical/layouts-sidebar-sm.html]
[laravel.coderthemes.com/ubold/vertical/layouts-dark-sidebar.html]
[laravel.coderthemes.com/ubold/vertical/layouts-light-topbar.html]
[laravel.coderthemes.com/ubold/vertical/layouts-preloader.html]
[laravel.coderthemes.com/ubold/vertical/layouts-sidebar-collapsed.html]
[laravel.coderthemes.com/ubold/vertical/layouts-boxed.html]
[laravel.coderthemes.com/ubold/vertical/email-inbox.html]
[laravel.coderthemes.com/ubold/vertical/email-read.html]
[laravel.coderthemes.com/ubold/vertical/email-compose.html]
[laravel.coderthemes.com/ubold/vertical/email-templates.html]
[laravel.coderthemes.com/ubold/vertical/pages-starter.html]
[laravel.coderthemes.com/ubold/vertical/pages-login.html]
[laravel.coderthemes.com/ubold/vertical/pages-register.html]
[laravel.coderthemes.com/ubold/vertical/pages-signin-signup.html]
[laravel.coderthemes.com/ubold/vertical/pages-recoverpw.html]
[laravel.coderthemes.com/ubold/vertical/pages-lock-screen.html]
[laravel.coderthemes.com/ubold/vertical/pages-logout.html]
[laravel.coderthemes.com/ubold/vertical/pages-confirm-mail.html]
[laravel.coderthemes.com/ubold/vertical/pages-404.html]
[laravel.coderthemes.com/ubold/vertical/pages-404-alt.html]
[laravel.coderthemes.com/ubold/vertical/pages-500.html]
[laravel.coderthemes.com/ubold/vertical/extras-profile.html]
[laravel.coderthemes.com/ubold/vertical/extras-timeline.html]
[laravel.coderthemes.com/ubold/vertical/extras-sitemap.html]
[laravel.coderthemes.com/ubold/vertical/extras-invoice.html]
[laravel.coderthemes.com/ubold/vertical/extras-faqs.html]
[laravel.coderthemes.com/ubold/vertical/extras-search-results.html]
[laravel.coderthemes.com/ubold/vertical/extras-pricing.html]
[laravel.coderthemes.com/ubold/vertical/extras-maintenance.html]
[laravel.coderthemes.com/ubold/vertical/extras-coming-soon.html]
[laravel.coderthemes.com/ubold/vertical/extras-gallery.html]
[laravel.coderthemes.com/ubold/vertical/ui-buttons.html]
[laravel.coderthemes.com/ubold/vertical/ui-cards.html]
[laravel.coderthemes.com/ubold/vertical/ui-portlets.html]
[laravel.coderthemes.com/ubold/vertical/ui-tabs-accordions.html]
[laravel.coderthemes.com/ubold/vertical/ui-modals.html]
[laravel.coderthemes.com/ubold/vertical/ui-progress.html]
[laravel.coderthemes.com/ubold/vertical/ui-notifications.html]
[laravel.coderthemes.com/ubold/vertical/ui-spinners.html]
[laravel.coderthemes.com/ubold/vertical/ui-images.html]
[laravel.coderthemes.com/ubold/vertical/ui-carousel.html]
[laravel.coderthemes.com/ubold/vertical/ui-video.html]
[laravel.coderthemes.com/ubold/vertical/ui-dropdowns.html]
[laravel.coderthemes.com/ubold/vertical/ui-ribbons.html]
[laravel.coderthemes.com/ubold/vertical/ui-tooltips-popovers.html]
[laravel.coderthemes.com/ubold/vertical/ui-general.html]
[laravel.coderthemes.com/ubold/vertical/ui-typography.html]
[laravel.coderthemes.com/ubold/vertical/ui-grid.html]
[laravel.coderthemes.com/ubold/vertical/admin-widgets.html]
[laravel.coderthemes.com/ubold/vertical/admin-nestable.html]
[laravel.coderthemes.com/ubold/vertical/admin-range-slider.html]
[laravel.coderthemes.com/ubold/vertical/admin-animation.html]
[laravel.coderthemes.com/ubold/vertical/admin-sweet-alert.html]
[laravel.coderthemes.com/ubold/vertical/admin-tour.html]
[laravel.coderthemes.com/ubold/vertical/icons-feather.html]
[laravel.coderthemes.com/ubold/vertical/icons-mdi.html]
[laravel.coderthemes.com/ubold/vertical/admin-loading-buttons.html]
[laravel.coderthemes.com/ubold/vertical/icons-dripicons.html]
[laravel.coderthemes.com/ubold/vertical/icons-font-awesome.html]
[laravel.coderthemes.com/ubold/vertical/icons-themify.html]
[laravel.coderthemes.com/ubold/vertical/icons-simple-line.html]
[laravel.coderthemes.com/ubold/vertical/icons-weather.html]
[laravel.coderthemes.com/ubold/vertical/forms-elements.html]
[laravel.coderthemes.com/ubold/vertical/forms-advanced.html]
[laravel.coderthemes.com/ubold/vertical/forms-validation.html]
[laravel.coderthemes.com/ubold/vertical/forms-pickers.html]
[laravel.coderthemes.com/ubold/vertical/forms-wizard.html]
[laravel.coderthemes.com/ubold/vertical/forms-masks.html]
[laravel.coderthemes.com/ubold/vertical/forms-summernote.html]
[laravel.coderthemes.com/ubold/vertical/forms-quilljs.html]
[laravel.coderthemes.com/ubold/vertical/forms-file-uploads.html]
[laravel.coderthemes.com/ubold/vertical/forms-x-editable.html]
[laravel.coderthemes.com/ubold/vertical/forms-image-crop.html]
[laravel.coderthemes.com/ubold/vertical/tables-basic.html]
[laravel.coderthemes.com/ubold/vertical/tables-datatables.html]
[laravel.coderthemes.com/ubold/vertical/tables-editable.html]
[laravel.coderthemes.com/ubold/vertical/tables-responsive.html]
[laravel.coderthemes.com/ubold/vertical/tables-footables.html]
[laravel.coderthemes.com/ubold/vertical/tables-bootstrap.html]
[laravel.coderthemes.com/ubold/vertical/tables-tablesaw.html]
[laravel.coderthemes.com/ubold/vertical/tables-jsgrid.html]
[laravel.coderthemes.com/ubold/vertical/charts-flot.html]
[laravel.coderthemes.com/ubold/vertical/charts-morris.html]
[laravel.coderthemes.com/ubold/vertical/charts-chartjs.html]
[laravel.coderthemes.com/ubold/vertical/charts-peity.html]
[laravel.coderthemes.com/ubold/vertical/charts-chartist.html]
[laravel.coderthemes.com/ubold/vertical/charts-c3.html]
[laravel.coderthemes.com/ubold/vertical/charts-sparklines.html]
[laravel.coderthemes.com/ubold/vertical/charts-knob.html]
[laravel.coderthemes.com/ubold/vertical/charts-ricksaw.html]
[laravel.coderthemes.com/ubold/vertical/charts-just-gage.html]
[laravel.coderthemes.com/ubold/vertical/maps-google.html]
[laravel.coderthemes.com/ubold/vertical/maps-vector.html]
[laravel.coderthemes.com/ubold/vertical/maps-mapael.html]
[laravel.coderthemes.com/ubold/vertical/assets/images/users/user-2.jpg]
[laravel.coderthemes.com/ubold/vertical/assets/images/users/user-3.jpg]
[laravel.coderthemes.com/ubold/vertical/assets/images/users/user-5.jpg]
[laravel.coderthemes.com/ubold/vertical/assets/images/users/user-6.jpg]
[laravel.coderthemes.com/ubold/vertical/assets/libs/jquery-sparkline/jquery-sparkline.min.js]
[laravel.coderthemes.com/ubold/vertical/assets/js/pages/dashboard-2.init.js]
[laravel.coderthemes.com/ubold/vertical/dashboard-2.html]
[laravel.coderthemes.com/ubold/vertical/assets/libs/jquery-vectormap/jquery-vectormap.min.css]
[laravel.coderthemes.com/ubold/vertical/assets/js/vendor.min.js]
[laravel.coderthemes.com/ubold/vertical/assets/js/app.min.js]
[laravel.coderthemes.com/images/megamenu-bg567e.png]
[laravel.coderthemes.com/ubold/vertical/assets/css/bootstrap.min.css]
[laravel.coderthemes.com/ubold/vertical/assets/css/icons.min.css]
[laravel.coderthemes.com/images/bg-pattern-2ef3e.png]
[laravel.coderthemes.com/images/bg-patterna503.png]
[laravel.coderthemes.com/ubold/vertical/assets/libs/jquery-vectormap/jquery-vectormap.min.js]
[laravel.coderthemes.com/images/jsgridf52b.png]
[laravel.coderthemes.com/images/multiple-arrow81e8.png]
[laravel.coderthemes.com/images/clearedbd.png]
[laravel.coderthemes.com/images/loading88e6.gif]
[laravel.coderthemes.com/ubold/vertical/assets/css/app.min.css]
[laravel.coderthemes.com/ubold/vertical/assets/libs/flatpickr/flatpickr.min.css]
[laravel.coderthemes.com/ubold/vertical/assets/libs/flatpickr/flatpickr.min.js]
[laravel.coderthemes.com/ubold/vertical/assets/libs/jquery-knob/jquery-knob.min.js]
[laravel.coderthemes.com/ubold/vertical/index.html]
[laravel.coderthemes.com/ubold/vertical/assets/libs/flot-charts/flot-charts.min.js]
[laravel.coderthemes.com/ubold/vertical/assets/js/pages/dashboard-1.init.js]
[laravel.coderthemes.com/ubold/vertical/assets/libs/sweetalert2/sweetalert2.min.css]
[laravel.coderthemes.com/ubold/vertical/assets/libs/moment/moment.min.js]
[laravel.coderthemes.com/ubold/vertical/assets/libs/jquery-scrollto/jquery-scrollto.min.js]
[laravel.coderthemes.com/ubold/vertical/assets/libs/chart-js/chart-js.min.js]
[laravel.coderthemes.com/ubold/vertical/assets/libs/sweetalert2/sweetalert2.min.js]
[laravel.coderthemes.com/ubold/vertical/assets/js/pages/jquery.chat.js]
[laravel.coderthemes.com/ubold/vertical/assets/js/pages/jquery.todo.js]
[laravel.coderthemes.com/ubold/vertical/dashboard-3.html]
[laravel.coderthemes.com/ubold/vertical/assets/js/pages/dashboard-3.init.js]
[laravel.coderthemes.com/ubold/vertical/assets/images/users/user-7.jpg]
[laravel.coderthemes.com/ubold/vertical/assets/images/users/user-9.jpg]
[laravel.coderthemes.com/ubold/vertical/assets/images/users/user-10.jpg]
[laravel.coderthemes.com/ubold/vertical/assets/images/users/user-8.jpg]
[laravel.coderthemes.com/ubold/vertical/assets/libs/morris-js/morris-js.min.js]
[laravel.coderthemes.com/ubold/vertical/dashboard-4.html]
[laravel.coderthemes.com/ubold/vertical/assets/js/pages/dashboard-4.init.js]
[laravel.coderthemes.com/ubold/vertical/assets/libs/raphael/raphael.min.js]
[laravel.coderthemes.com/ubold/vertical/apps-kanbanboard.html]
[laravel.coderthemes.com/ubold/vertical/assets/js/pages/kanban.init.js]
[laravel.coderthemes.com/ubold/vertical/assets/libs/fullcalendar/fullcalendar.min.css]
[laravel.coderthemes.com/ubold/vertical/assets/libs/jquery-ui/jquery-ui.min.js]
[laravel.coderthemes.com/ubold/vertical/apps-calendar.html]
[laravel.coderthemes.com/ubold/vertical/assets/js/pages/calendar.init.js]
[laravel.coderthemes.com/ubold/vertical/assets/libs/fullcalendar/fullcalendar.min.js]
[laravel.coderthemes.com/ubold/vertical/assets/libs/custombox/custombox.min.css]
[laravel.coderthemes.com/ubold/vertical/apps-contacts.html]
[laravel.coderthemes.com/ubold/vertical/apps-projects.html]
[laravel.coderthemes.com/ubold/vertical/assets/libs/custombox/custombox.min.js]
[laravel.coderthemes.com/ubold/vertical/assets/libs/datatables/datatables.min.css]
[laravel.coderthemes.com/ubold/vertical/apps-tickets.html]
[laravel.coderthemes.com/ubold/vertical/assets/js/pages/tickets.js]
[laravel.coderthemes.com/ubold/vertical/assets/images/companies/amazon.png]
[laravel.coderthemes.com/ubold/vertical/assets/images/companies/apple.png]
[laravel.coderthemes.com/ubold/vertical/assets/libs/datatables/datatables.min.js]
[laravel.coderthemes.com/ubold/vertical/assets/images/companies/google.png]
[laravel.coderthemes.com/ubold/vertical/assets/images/companies/airbnb.png]
[laravel.coderthemes.com/ubold/vertical/assets/images/companies/facebook.png]
[laravel.coderthemes.com/ubold/vertical/assets/images/companies/cisco.png]
[laravel.coderthemes.com/ubold/vertical/apps-companies.html]
[laravel.coderthemes.com/ubold/vertical/crm-dashboard.html]
[laravel.coderthemes.com/ubold/vertical/crm-contacts.html]
[laravel.coderthemes.com/ubold/vertical/assets/js/pages/crm-dashboard.init.js]
[laravel.coderthemes.com/ubold/vertical/crm-opportunities.html]
[laravel.coderthemes.com/ubold/vertical/assets/js/pages/crm-opportunities.init.js]
[laravel.coderthemes.com/ubold/vertical/crm-leads.html]
[laravel.coderthemes.com/ubold/vertical/crm-customers.html]
[laravel.coderthemes.com/ubold/vertical/assets/js/pages/crm-leads.init.js]
[laravel.coderthemes.com/ubold/vertical/assets/images/cards/visa.png]
[laravel.coderthemes.com/ubold/vertical/assets/images/cards/master.png]
[laravel.coderthemes.com/ubold/vertical/assets/images/cards/amazon.png]
[laravel.coderthemes.com/ubold/vertical/assets/images/cards/american-express.png]
[laravel.coderthemes.com/ubold/vertical/assets/images/cards/discover.png]
[laravel.coderthemes.com/ubold/vertical/assets/images/products/product-1.jpg]
[laravel.coderthemes.com/ubold/vertical/assets/images/products/product-2.jpg]
[laravel.coderthemes.com/ubold/vertical/assets/images/products/product-3.jpg]
[laravel.coderthemes.com/ubold/vertical/assets/images/products/product-4.jpg]
[laravel.coderthemes.com/ubold/vertical/assets/images/products/product-5.jpg]
[laravel.coderthemes.com/ubold/vertical/ecommerce-dashboard.html]
[laravel.coderthemes.com/ubold/vertical/assets/js/pages/ecommerce-dashboard.init.js]
[laravel.coderthemes.com/ubold/vertical/assets/images/products/product-6.jpg]
[laravel.coderthemes.com/ubold/vertical/assets/images/products/product-7.jpg]
[laravel.coderthemes.com/ubold/vertical/assets/images/products/product-8.jpg]
[laravel.coderthemes.com/ubold/vertical/ecommerce-products.html]
[laravel.coderthemes.com/ubold/vertical/assets/images/products/product-9.jpg]
[laravel.coderthemes.com/ubold/vertical/assets/images/products/product-10.jpg]
[laravel.coderthemes.com/ubold/vertical/assets/images/products/product-11.jpg]
[laravel.coderthemes.com/ubold/vertical/assets/images/products/product-12.jpg]
[laravel.coderthemes.com/ubold/vertical/ecommerce-prduct-detail.html]
[laravel.coderthemes.com/ubold/vertical/assets/libs/select2/select2.min.css]
[laravel.coderthemes.com/ubold/vertical/assets/libs/summernote/summernote.min.css]
[laravel.coderthemes.com/ubold/vertical/assets/libs/dropzone/dropzone.min.css]
[laravel.coderthemes.com/ubold/vertical/assets/libs/summernote/summernote.min.js]
[laravel.coderthemes.com/ubold/vertical/assets/libs/select2/select2.min.js]
[laravel.coderthemes.com/ubold/vertical/assets/libs/dropzone/dropzone.min.js]
[laravel.coderthemes.com/ubold/vertical/ecommerce-product-edit.html]
[laravel.coderthemes.com/ubold/vertical/ecommerce-orders.html]
[laravel.coderthemes.com/ubold/vertical/ecommerce-sellers.html]
[laravel.coderthemes.com/ubold/vertical/layouts-sidebar-user.html]
[laravel.coderthemes.com/ubold/vertical/layouts-sidebar-sm.html]
[laravel.coderthemes.com/ubold/vertical/layouts-dark-sidebar.html]
[laravel.coderthemes.com/ubold/vertical/layouts-light-topbar.html]
[laravel.coderthemes.com/ubold/vertical/layouts-preloader.html]
[laravel.coderthemes.com/ubold/vertical/layouts-sidebar-collapsed.html]
[laravel.coderthemes.com/ubold/vertical/layouts-boxed.html]
[laravel.coderthemes.com/ubold/vertical/assets/js/pages/add-product.init.js]
[laravel.coderthemes.com/ubold/vertical/email-inbox.html]
[laravel.coderthemes.com/ubold/vertical/assets/js/pages/inbox.js]
[laravel.coderthemes.com/ubold/vertical/assets/libs/summernote/summernote-bs4.css]
[laravel.coderthemes.com/ubold/vertical/assets/images/attached-files/img-1.jpg]
[laravel.coderthemes.com/ubold/vertical/assets/images/attached-files/img-2.jpg]
[laravel.coderthemes.com/ubold/vertical/assets/images/attached-files/img-3.jpg]
[laravel.coderthemes.com/ubold/vertical/assets/libs/summernote/summernote-bs4.min.js]
[laravel.coderthemes.com/ubold/vertical/email-read.html]
[laravel.coderthemes.com/ubold/vertical/email-compose.html]
[laravel.coderthemes.com/ubold/vertical/email-templates-action.html]
[laravel.coderthemes.com/ubold/vertical/assets/images/email/1.png]
[laravel.coderthemes.com/ubold/vertical/email-templates-alert.html]
[laravel.coderthemes.com/ubold/vertical/assets/images/email/2.png]
[laravel.coderthemes.com/ubold/vertical/email-templates-billing.html]
[laravel.coderthemes.com/ubold/vertical/assets/images/email/3.png]
[laravel.coderthemes.com/ubold/vertical/email-templates.html]
[laravel.coderthemes.com/ubold/vertical/pages-starter.html]
[laravel.coderthemes.com/ubold/vertical/assets/images/logo-dark.png]
[laravel.coderthemes.com/ubold/vertical/pages-login.html]
[laravel.coderthemes.com/ubold/vertical/pages-register.html]
[laravel.coderthemes.com/ubold/vertical/pages-signin-signup.html]
[laravel.coderthemes.com/ubold/vertical/pages-recoverpw.html]
[laravel.coderthemes.com/ubold/vertical/pages-lock-screen.html]
[laravel.coderthemes.com/ubold/vertical/pages-logout.html]
[laravel.coderthemes.com/ubold/vertical/pages-confirm-mail.html]
[laravel.coderthemes.com/ubold/vertical/pages-404.html]
[laravel.coderthemes.com/ubold/vertical/pages-404-alt.html]
[laravel.coderthemes.com/ubold/vertical/pages-500.html]
[laravel.coderthemes.com/ubold/vertical/assets/images/small/img-1.jpg]
[laravel.coderthemes.com/ubold/vertical/assets/images/small/img-2.jpg]
[laravel.coderthemes.com/ubold/vertical/assets/images/small/img-3.jpg]
[laravel.coderthemes.com/ubold/vertical/extras-profile.html]
[laravel.coderthemes.com/ubold/vertical/extras-timeline.html]
[laravel.coderthemes.com/ubold/vertical/extras-sitemap.html]
[laravel.coderthemes.com/ubold/vertical/extras-invoice.html]
[laravel.coderthemes.com/ubold/vertical/extras-faqs.html]
[laravel.coderthemes.com/ubold/vertical/assets/images/small/img-4.jpg]
[laravel.coderthemes.com/ubold/vertical/extras-search-results.html]
[laravel.coderthemes.com/ubold/vertical/extras-pricing.html]
[laravel.coderthemes.com/ubold/vertical/extras-maintenance.html]
[laravel.coderthemes.com/ubold/vertical/assets/libs/jquery-countdown/jquery-countdown.min.js]
[laravel.coderthemes.com/ubold/vertical/extras-coming-soon.html]
[laravel.coderthemes.com/ubold/vertical/assets/js/pages/coming-soon.init.js]
[laravel.coderthemes.com/ubold/vertical/assets/libs/magnific-popup/magnific-popup.min.css]
[laravel.coderthemes.com/ubold/vertical/assets/images/small/img-5.jpg]
[laravel.coderthemes.com/ubold/vertical/assets/images/small/img-6.jpg]
[laravel.coderthemes.com/ubold/vertical/assets/images/small/img-7.jpg]
[laravel.coderthemes.com/ubold/vertical/assets/libs/magnific-popup/magnific-popup.min.js]
[laravel.coderthemes.com/ubold/vertical/assets/js/pages/gallery.init.js]
[laravel.coderthemes.com/ubold/vertical/extras-gallery.html]
[laravel.coderthemes.com/ubold/vertical/ui-buttons.html]
[laravel.coderthemes.com/ubold/vertical/ui-cards.html]
[laravel.coderthemes.com/ubold/vertical/ui-portlets.html]
[laravel.coderthemes.com/ubold/vertical/ui-tabs-accordions.html]
[laravel.coderthemes.com/ubold/vertical/ui-modals.html]
[laravel.coderthemes.com/ubold/vertical/ui-progress.html]
[laravel.coderthemes.com/ubold/vertical/assets/libs/jquery-toast/jquery-toast.min.css]
[laravel.coderthemes.com/ubold/vertical/assets/libs/jquery-toast/jquery-toast.min.js]
[laravel.coderthemes.com/ubold/vertical/assets/js/pages/toastr.init.js]
[laravel.coderthemes.com/ubold/vertical/ui-notifications.html]
[laravel.coderthemes.com/ubold/vertical/ui-spinners.html]
[laravel.coderthemes.com/ubold/vertical/ui-images.html]
[laravel.coderthemes.com/ubold/vertical/ui-carousel.html]
[laravel.coderthemes.com/ubold/vertical/ui-video.html]
[laravel.coderthemes.com/ubold/vertical/ui-dropdowns.html]
[laravel.coderthemes.com/ubold/vertical/ui-ribbons.html]
[laravel.coderthemes.com/ubold/vertical/ui-tooltips-popovers.html]
[laravel.coderthemes.com/ubold/vertical/ui-general.html]
[laravel.coderthemes.com/ubold/vertical/ui-typography.html]
[laravel.coderthemes.com/ubold/vertical/ui-grid.html]
[laravel.coderthemes.com/ubold/vertical/assets/libs/tippy-js/tippy-js.min.js]
[laravel.coderthemes.com/ubold/vertical/assets/libs/peity/peity.min.js]
[laravel.coderthemes.com/ubold/vertical/admin-widgets.html]
[laravel.coderthemes.com/ubold/vertical/assets/js/pages/widgets.init.js]
[laravel.coderthemes.com/ubold/vertical/assets/libs/nestable2/nestable2.min.css]
[laravel.coderthemes.com/ubold/vertical/assets/libs/nestable2/nestable2.min.js]
[laravel.coderthemes.com/ubold/vertical/admin-nestable.html]
[laravel.coderthemes.com/ubold/vertical/assets/js/pages/nestable.init.js]
[laravel.coderthemes.com/ubold/vertical/assets/libs/ion-rangeslider/ion-rangeslider.min.css]
[laravel.coderthemes.com/ubold/vertical/assets/libs/ion-rangeslider/ion-rangeslider.min.js]
[laravel.coderthemes.com/ubold/vertical/admin-range-slider.html]
[laravel.coderthemes.com/ubold/vertical/assets/js/pages/range-sliders.init.js]
[laravel.coderthemes.com/ubold/vertical/assets/libs/animate/animate.min.css]
[laravel.coderthemes.com/ubold/vertical/assets/images/macbook.png]
[laravel.coderthemes.com/ubold/vertical/admin-animation.html]
[laravel.coderthemes.com/ubold/vertical/assets/js/pages/animation.init.js]
[laravel.coderthemes.com/ubold/vertical/admin-sweet-alert.html]
[laravel.coderthemes.com/ubold/vertical/assets/js/pages/sweet-alerts.init.js]
[laravel.coderthemes.com/ubold/vertical/assets/libs/hopscotch/hopscotch.min.css]
[laravel.coderthemes.com/ubold/vertical/assets/libs/hopscotch/hopscotch.min.js]
[laravel.coderthemes.com/ubold/vertical/admin-tour.html]
[laravel.coderthemes.com/ubold/vertical/assets/js/pages/tour.init.js]
[laravel.coderthemes.com/ubold/vertical/assets/libs/ladda/ladda.min.css]
[laravel.coderthemes.com/ubold/vertical/assets/libs/ladda/ladda.min.js]
[laravel.coderthemes.com/ubold/vertical/admin-loading-buttons.html]
[laravel.coderthemes.com/ubold/vertical/icons-feather.html]
[laravel.coderthemes.com/ubold/vertical/assets/js/pages/loading-btn.init.js]
[laravel.coderthemes.com/ubold/vertical/icons-mdi.html]
[laravel.coderthemes.com/ubold/vertical/icons-dripicons.html]
[laravel.coderthemes.com/ubold/vertical/icons-font-awesome.html]
[laravel.coderthemes.com/ubold/vertical/icons-themify.html]
[laravel.coderthemes.com/ubold/vertical/icons-simple-line.html]
[laravel.coderthemes.com/ubold/vertical/icons-weather.html]
[laravel.coderthemes.com/ubold/vertical/forms-elements.html]
[laravel.coderthemes.com/ubold/vertical/assets/libs/jquery-nice-select/jquery-nice-select.min.css]
[laravel.coderthemes.com/ubold/vertical/assets/libs/switchery/switchery.min.css]
[laravel.coderthemes.com/ubold/vertical/assets/libs/multiselect/multiselect.min.css]
[laravel.coderthemes.com/ubold/vertical/assets/libs/bootstrap-select/bootstrap-select.min.css]
[laravel.coderthemes.com/ubold/vertical/assets/libs/bootstrap-touchspin/bootstrap-touchspin.min.css]
[laravel.coderthemes.com/ubold/vertical/assets/libs/jquery-nice-select/jquery-nice-select.min.js]
[laravel.coderthemes.com/ubold/vertical/assets/libs/switchery/switchery.min.js]
[laravel.coderthemes.com/ubold/vertical/assets/libs/multiselect/multiselect.min.js]
[laravel.coderthemes.com/ubold/vertical/assets/libs/jquery-mockjax/jquery-mockjax.min.js]
[laravel.coderthemes.com/ubold/vertical/assets/libs/autocomplete/autocomplete.min.js]
[laravel.coderthemes.com/ubold/vertical/assets/libs/bootstrap-select/bootstrap-select.min.js]
[laravel.coderthemes.com/ubold/vertical/assets/libs/bootstrap-touchspin/bootstrap-touchspin.min.js]
[laravel.coderthemes.com/ubold/vertical/assets/libs/bootstrap-maxlength/bootstrap-maxlength.min.js]
[laravel.coderthemes.com/ubold/vertical/forms-advanced.html]
[laravel.coderthemes.com/ubold/vertical/assets/js/pages/form-advanced.init.js]
[laravel.coderthemes.com/ubold/vertical/assets/libs/parsleyjs/parsleyjs.min.js]
[laravel.coderthemes.com/ubold/vertical/forms-validation.html]
[laravel.coderthemes.com/ubold/vertical/assets/js/pages/form-validation.init.js]
[laravel.coderthemes.com/ubold/vertical/assets/libs/bootstrap-colorpicker/bootstrap-colorpicker.min.css]
[laravel.coderthemes.com/ubold/vertical/assets/libs/clockpicker/clockpicker.min.css]
[laravel.coderthemes.com/ubold/vertical/assets/libs/bootstrap-datepicker/bootstrap-datepicker.min.css]
[laravel.coderthemes.com/ubold/vertical/assets/libs/bootstrap-colorpicker/bootstrap-colorpicker.min.js]
[laravel.coderthemes.com/ubold/vertical/assets/libs/clockpicker/clockpicker.min.js]
[laravel.coderthemes.com/ubold/vertical/assets/libs/bootstrap-datepicker/bootstrap-datepicker.min.js]
[laravel.coderthemes.com/ubold/vertical/forms-pickers.html]
[laravel.coderthemes.com/ubold/vertical/assets/js/pages/form-pickers.init.js]
[laravel.coderthemes.com/ubold/vertical/assets/libs/twitter-bootstrap-wizard/twitter-bootstrap-wizard.min.js]
[laravel.coderthemes.com/ubold/vertical/forms-wizard.html]
[laravel.coderthemes.com/ubold/vertical/assets/js/pages/form-wizard.init.js]
[laravel.coderthemes.com/ubold/vertical/assets/libs/jquery-mask-plugin/jquery-mask-plugin.min.js]
[laravel.coderthemes.com/ubold/vertical/assets/libs/autonumeric/autonumeric.min.js]
[laravel.coderthemes.com/ubold/vertical/forms-masks.html]
[laravel.coderthemes.com/ubold/vertical/assets/js/pages/form-masks.init.js]
[laravel.coderthemes.com/ubold/vertical/forms-summernote.html]
[laravel.coderthemes.com/ubold/vertical/assets/js/pages/form-summernote.init.js]
[laravel.coderthemes.com/ubold/vertical/assets/libs/quill/quill.min.css]
[laravel.coderthemes.com/ubold/vertical/forms-quilljs.html]
[laravel.coderthemes.com/ubold/vertical/assets/libs/katex/katex.min.js]
[laravel.coderthemes.com/ubold/vertical/assets/libs/quill/quill.min.js]
[laravel.coderthemes.com/ubold/vertical/assets/js/pages/form-quilljs.init.js]
[laravel.coderthemes.com/ubold/vertical/assets/libs/dropify/dropify.min.css]
[laravel.coderthemes.com/ubold/vertical/assets/libs/dropify/dropify.min.js]
[laravel.coderthemes.com/ubold/vertical/forms-file-uploads.html]
[laravel.coderthemes.com/ubold/vertical/assets/js/pages/form-fileuploads.init.js]
[laravel.coderthemes.com/ubold/vertical/assets/libs/x-editable/x-editable.min.css]
[laravel.coderthemes.com/ubold/vertical/assets/libs/x-editable/x-editable.min.js]
[laravel.coderthemes.com/ubold/vertical/forms-x-editable.html]
[laravel.coderthemes.com/ubold/vertical/assets/js/pages/form-xeditable.init.js]
[laravel.coderthemes.com/ubold/vertical/assets/libs/cropper/cropper.min.css]
[laravel.coderthemes.com/ubold/vertical/assets/libs/cropper/cropper.min.js]
[laravel.coderthemes.com/ubold/vertical/forms-image-crop.html]
[laravel.coderthemes.com/ubold/vertical/tables-basic.html]
[laravel.coderthemes.com/ubold/vertical/assets/js/pages/form-imagecrop.init.js]
[laravel.coderthemes.com/ubold/vertical/tables-datatables.html]
[laravel.coderthemes.com/ubold/vertical/assets/js/pages/datatables.init.js]
[laravel.coderthemes.com/ubold/vertical/tables-editable.html]
[laravel.coderthemes.com/ubold/vertical/assets/libs/jquery-tabledit/jquery-tabledit.min.js]
[laravel.coderthemes.com/ubold/vertical/assets/js/pages/tabledit.init.js]
[laravel.coderthemes.com/ubold/vertical/assets/libs/rwd-table/rwd-table.min.css]
[laravel.coderthemes.com/ubold/vertical/assets/libs/rwd-table/rwd-table.min.js]
[laravel.coderthemes.com/ubold/vertical/tables-responsive.html]
[laravel.coderthemes.com/ubold/vertical/assets/js/pages/responsive-table.init.js]
[laravel.coderthemes.com/ubold/vertical/assets/libs/footable/footable.min.css]
[laravel.coderthemes.com/ubold/vertical/tables-footables.html]
[laravel.coderthemes.com/ubold/vertical/assets/libs/footable/footable.min.js]
[laravel.coderthemes.com/ubold/vertical/assets/js/pages/foo-tables.init.js]
[laravel.coderthemes.com/ubold/vertical/assets/libs/bootstrap-table/bootstrap-table.min.css]
[laravel.coderthemes.com/ubold/vertical/tables-bootstrap.html]
[laravel.coderthemes.com/ubold/vertical/assets/libs/bootstrap-table/bootstrap-table.min.js]
[laravel.coderthemes.com/ubold/vertical/assets/js/pages/bootstrap-tables.init.js]
[laravel.coderthemes.com/ubold/vertical/assets/libs/tablesaw/tablesaw.min.css]
[laravel.coderthemes.com/ubold/vertical/tables-tablesaw.html]
[laravel.coderthemes.com/ubold/vertical/assets/libs/tablesaw/tablesaw.min.js]
[laravel.coderthemes.com/ubold/vertical/assets/js/pages/tablesaw.init.js]
[laravel.coderthemes.com/ubold/vertical/assets/libs/jsgrid/jsgrid.min.css]
[laravel.coderthemes.com/ubold/vertical/tables-jsgrid.html]
[laravel.coderthemes.com/ubold/vertical/assets/libs/jsgrid/jsgrid.min.js]
[laravel.coderthemes.com/ubold/vertical/charts-flot.html]
[laravel.coderthemes.com/ubold/vertical/assets/js/pages/jsgrid.init.js]
[laravel.coderthemes.com/ubold/vertical/charts-morris.html]
[laravel.coderthemes.com/ubold/vertical/assets/js/pages/flot.init.js]
[laravel.coderthemes.com/ubold/vertical/assets/js/pages/morris.init.js]
[laravel.coderthemes.com/ubold/vertical/charts-chartjs.html]
[laravel.coderthemes.com/ubold/vertical/assets/js/pages/chartjs.init.js]
[laravel.coderthemes.com/ubold/vertical/charts-peity.html]
[laravel.coderthemes.com/ubold/vertical/assets/js/pages/peity.init.js]
[laravel.coderthemes.com/ubold/vertical/assets/libs/chartist/chartist.min.css]
[laravel.coderthemes.com/ubold/vertical/charts-chartist.html]
[laravel.coderthemes.com/ubold/vertical/assets/libs/chartist/chartist.min.js]
[laravel.coderthemes.com/ubold/vertical/assets/js/pages/chartist.init.js]
[laravel.coderthemes.com/ubold/vertical/assets/libs/c3/c3.min.css]
[laravel.coderthemes.com/ubold/vertical/assets/libs/c3/c3.min.js]
[laravel.coderthemes.com/ubold/vertical/assets/js/pages/c3.init.js]
[laravel.coderthemes.com/ubold/vertical/charts-c3.html]
[laravel.coderthemes.com/ubold/vertical/assets/libs/d3/d3.min.js]
[laravel.coderthemes.com/ubold/vertical/charts-sparklines.html]
[laravel.coderthemes.com/ubold/vertical/charts-knob.html]
[laravel.coderthemes.com/ubold/vertical/assets/js/pages/sparkline.init.js]
[laravel.coderthemes.com/ubold/vertical/assets/libs/rickshaw/rickshaw.min.css]
[laravel.coderthemes.com/ubold/vertical/assets/libs/rickshaw/rickshaw.min.js]
[laravel.coderthemes.com/ubold/vertical/charts-ricksaw.html]
[laravel.coderthemes.com/ubold/vertical/assets/js/pages/ricksaw.init.js]
[laravel.coderthemes.com/ubold/vertical/assets/libs/pdfmake/pdfmake.min.js]
[laravel.coderthemes.com/ubold/vertical/assets/libs/justgage/justgage.min.js]
[laravel.coderthemes.com/ubold/vertical/charts-just-gage.html]
[laravel.coderthemes.com/ubold/vertical/assets/js/pages/justgage.init.js]
[laravel.coderthemes.com/ubold/vertical/assets/libs/gmaps/gmaps.min.js]
[laravel.coderthemes.com/ubold/vertical/maps-google.html]
[laravel.coderthemes.com/ubold/vertical/assets/js/pages/google-maps.init.js]
[laravel.coderthemes.com/ubold/vertical/maps-vector.html]
[laravel.coderthemes.com/ubold/vertical/assets/js/pages/vector-maps.init.js]
[laravel.coderthemes.com/ubold/vertical/maps-mapael.html]
[laravel.coderthemes.com/ubold/vertical/assets/js/vendor.min.js]
[laravel.coderthemes.com/ubold/vertical/assets/js/pages/mapeal-maps.init.js]
[laravel.coderthemes.com/ubold/vertical/assets/libs/jquery-sparkline/jquery-sparkline.min.js]
[laravel.coderthemes.com/ubold/vertical/assets/libs/jquery-vectormap/jquery-vectormap.min.js]
[laravel.coderthemes.com/ubold/vertical/assets/libs/jquery-mapael/jquery-mapael.min.js]
[laravel.coderthemes.com/ubold/vertical/resources/js/pages/dashboard-2.init.js]
[laravel.coderthemes.com/ubold/vertical/assets/js/pages/dashboard-2.init.js]
[laravel.coderthemes.com/ubold/vertical/assets/js/app.min.js]
[laravel.coderthemes.com/ubold/vertical/assets/libs/flatpickr/flatpickr.min.css]
[laravel.coderthemes.com/ubold/vertical/assets/libs/flatpickr/flatpickr.min.js]
[laravel.coderthemes.com/ubold/vertical/assets/libs/jquery-knob/jquery-knob.min.js]
[laravel.coderthemes.com/ubold/vertical/assets/libs/flot-charts/flot-charts.min.js]
[cdnjs.cloudflare.com/ajax/libs/d3/3.5.17/d3.min.js]
[laravel.coderthemes.com/ubold/vertical/resources/js/pages/dashboard-1.init.js]
[laravel.coderthemes.com/ubold/vertical/assets/js/pages/dashboard-1.init.js]
[laravel.coderthemes.com/ubold/vertical/assets/libs/sweetalert2/sweetalert2.min.css]
[laravel.coderthemes.com/ubold/vertical/assets/libs/chart-js/chart-js.min.js]
[laravel.coderthemes.com/ubold/vertical/assets/libs/moment/moment.min.js]
[laravel.coderthemes.com/ubold/vertical/assets/libs/jquery-scrollto/jquery-scrollto.min.js]
[laravel.coderthemes.com/ubold/vertical/assets/libs/sweetalert2/sweetalert2.min.js]
[laravel.coderthemes.com/ubold/vertical/resources/js/pages/jquery.chat.js]
[laravel.coderthemes.com/ubold/vertical/assets/js/pages/jquery.chat.js]
[laravel.coderthemes.com/ubold/vertical/resources/js/pages/jquery.todo.js]
[laravel.coderthemes.com/ubold/vertical/assets/js/pages/jquery.todo.js]
[laravel.coderthemes.com/ubold/vertical/resources/js/pages/dashboard-3.init.js]
[laravel.coderthemes.com/ubold/vertical/assets/js/pages/dashboard-3.init.js]
[laravel.coderthemes.com/ubold/vertical/assets/libs/morris-js/morris-js.min.js]
[laravel.coderthemes.com/ubold/vertical/assets/libs/raphael/raphael.min.js]
[laravel.coderthemes.com/ubold/vertical/resources/js/pages/dashboard-4.init.js]
[laravel.coderthemes.com/ubold/vertical/assets/js/pages/dashboard-4.init.js]
[laravel.coderthemes.com/ubold/vertical/assets/libs/jquery-ui/jquery-ui.min.js]
[laravel.coderthemes.com/ubold/vertical/resources/js/pages/kanban.init.js]
[laravel.coderthemes.com/ubold/vertical/assets/js/pages/kanban.init.js]
[laravel.coderthemes.com/ubold/vertical/assets/libs/fullcalendar/fullcalendar.min.css]
[laravel.coderthemes.com/ubold/vertical/assets/libs/fullcalendar/fullcalendar.min.js]
[laravel.coderthemes.com/ubold/vertical/resources/js/pages/calendar.init.js]
[laravel.coderthemes.com/ubold/vertical/assets/js/pages/calendar.init.js]
[laravel.coderthemes.com/ubold/vertical/assets/libs/custombox/custombox.min.css]
[laravel.coderthemes.com/ubold/vertical/assets/libs/custombox/custombox.min.js]
[laravel.coderthemes.com/ubold/vertical/assets/libs/datatables/datatables.min.css]
[laravel.coderthemes.com/ubold/vertical/xl/worksheets/sheet1.xml]
[laravel.coderthemes.com/ubold/vertical/xl/workbook.xml]
[laravel.coderthemes.com/ubold/vertical/xl/styles.xml]
[laravel.coderthemes.com/ubold/vertical/assets/libs/datatables/datatables.min.js]
[laravel.coderthemes.com/ubold/vertical/resources/js/pages/tickets.15f.delayed]
[laravel.coderthemes.com/ubold/vertical/assets/js/pages/tickets.js]
[laravel.coderthemes.com/ubold/vertical/resources/js/pages/crm-dashboard.init.js]
[laravel.coderthemes.com/ubold/vertical/assets/js/pages/crm-dashboard.init.js]
[laravel.coderthemes.com/ubold/vertical/resources/js/pages/crm-opportunities.init.js]
[laravel.coderthemes.com/ubold/vertical/assets/js/pages/crm-opportunities.init.js]
[laravel.coderthemes.com/ubold/vertical/resources/js/pages/crm-leads.init.js]
[laravel.coderthemes.com/ubold/vertical/assets/js/pages/crm-leads.init.js]
[laravel.coderthemes.com/ubold/vertical/resources/js/pages/ecommerce-dashboard.init.js]
[laravel.coderthemes.com/ubold/vertical/assets/js/pages/ecommerce-dashboard.init.js]
[laravel.coderthemes.com/ubold/vertical/assets/libs/select2/select2.min.css]
[laravel.coderthemes.com/ubold/vertical/assets/libs/summernote/font/summernotec360.eot]
[laravel.coderthemes.com/ubold/vertical/assets/libs/summernote/font/summernotec360.woff]
[laravel.coderthemes.com/ubold/vertical/assets/libs/summernote/font/summernotec360.ttf]
[laravel.coderthemes.com/ubold/vertical/assets/libs/summernote/summernote.min.css]
[laravel.coderthemes.com/ubold/vertical/assets/libs/dropzone/dropzone.min.css]
[laravel.coderthemes.com/ubold/vertical/assets/libs/summernote/summernote.min.js]
[laravel.coderthemes.com/ubold/vertical/assets/libs/select2/select2.min.js]
[laravel.coderthemes.com/ubold/vertical/assets/libs/dropzone/dropzone.min.js]
[laravel.coderthemes.com/ubold/vertical/resources/js/pages/add-product.init.167.delayed]
[laravel.coderthemes.com/ubold/vertical/assets/js/pages/add-product.init.js]
[laravel.coderthemes.com/ubold/vertical/resources/js/pages/inbox.js]
[laravel.coderthemes.com/ubold/vertical/assets/js/pages/inbox.js]
[laravel.coderthemes.com/ubold/vertical/assets/libs/summernote/summernote-bs4.html]
[laravel.coderthemes.com/ubold/vertical/assets/libs/summernote/summernote-bs4.min.html]
[laravel.coderthemes.com/ubold/vertical/email-templates-action.html]
[laravel.coderthemes.com/ubold/vertical/email-templates-alert.html]
[laravel.coderthemes.com/ubold/vertical/email-templates-billing.html]
[laravel.coderthemes.com/ubold/vertical/assets/libs/jquery-countdown/jquery-countdown.min.js]
[laravel.coderthemes.com/ubold/vertical/resources/js/pages/coming-soon.init.js]
[laravel.coderthemes.com/ubold/vertical/assets/js/pages/coming-soon.init.js]
[laravel.coderthemes.com/ubold/vertical/assets/libs/magnific-popup/magnific-popup.min.css]
[laravel.coderthemes.com/ubold/vertical/assets/libs/magnific-popup/magnific-popup.min.js]
[laravel.coderthemes.com/ubold/vertical/resources/js/pages/gallery.init.js]
[laravel.coderthemes.com/ubold/vertical/assets/js/pages/gallery.init.js]
[laravel.coderthemes.com/ubold/vertical/assets/libs/jquery-toast/jquery-toast.min.css]
[laravel.coderthemes.com/ubold/vertical/assets/libs/jquery-toast/jquery-toast.min.js]
[laravel.coderthemes.com/ubold/vertical/resources/js/pages/toastr.init.js]
[laravel.coderthemes.com/ubold/vertical/assets/js/pages/toastr.init.js]
[laravel.coderthemes.com/ubold/vertical/assets/libs/tippy-js/tippy-js.min.js]
[laravel.coderthemes.com/ubold/vertical/assets/libs/peity/peity.min.js]
[laravel.coderthemes.com/ubold/vertical/resources/js/pages/widgets.init.js]
[laravel.coderthemes.com/ubold/vertical/assets/js/pages/widgets.init.js]
[laravel.coderthemes.com/ubold/vertical/assets/libs/nestable2/nestable2.min.css]
[laravel.coderthemes.com/ubold/vertical/assets/libs/nestable2/nestable2.min.js]
[laravel.coderthemes.com/ubold/vertical/resources/js/pages/nestable.init.js]
[laravel.coderthemes.com/ubold/vertical/assets/js/pages/nestable.init.js]
[laravel.coderthemes.com/ubold/vertical/assets/libs/ion-rangeslider/ion-rangeslider.min.css]
[laravel.coderthemes.com/ubold/vertical/assets/libs/ion-rangeslider/ion-rangeslider.min.js]
[laravel.coderthemes.com/ubold/vertical/resources/js/pages/range-sliders.init.js]
[laravel.coderthemes.com/ubold/vertical/assets/js/pages/range-sliders.init.js]
[laravel.coderthemes.com/ubold/vertical/assets/libs/animate/animate.min.css]
[laravel.coderthemes.com/ubold/vertical/resources/js/pages/animation.init.js]
[laravel.coderthemes.com/ubold/vertical/assets/js/pages/animation.init.js]
[laravel.coderthemes.com/ubold/vertical/resources/js/pages/sweet-alerts.init.js]
[laravel.coderthemes.com/ubold/vertical/assets/js/pages/sweet-alerts.init.js]
[laravel.coderthemes.com/ubold/vertical/assets/libs/img/sprite-green.png]
[laravel.coderthemes.com/ubold/vertical/assets/libs/hopscotch/hopscotch.min.css]
[laravel.coderthemes.com/ubold/vertical/assets/libs/hopscotch/hopscotch.min.js]
[laravel.coderthemes.com/ubold/vertical/resources/js/pages/tour.init.js]
[laravel.coderthemes.com/ubold/vertical/assets/js/pages/tour.init.js]
[laravel.coderthemes.com/ubold/vertical/assets/libs/ladda/ladda.min.css]
[laravel.coderthemes.com/ubold/vertical/assets/libs/ladda/ladda.min.js]
[laravel.coderthemes.com/ubold/vertical/resources/js/pages/loading-btn.init.js]
[laravel.coderthemes.com/ubold/vertical/assets/js/pages/loading-btn.init.js]
[laravel.coderthemes.com/ubold/vertical/assets/libs/jquery-nice-select/jquery-nice-select.min.css]
[laravel.coderthemes.com/ubold/vertical/assets/libs/switchery/switchery.min.css]
[laravel.coderthemes.com/ubold/vertical/assets/libs/img/switch.png]
[laravel.coderthemes.com/ubold/vertical/assets/libs/multiselect/multiselect.min.css]
[laravel.coderthemes.com/ubold/vertical/assets/libs/bootstrap-select/bootstrap-select.min.css]
[laravel.coderthemes.com/ubold/vertical/assets/libs/bootstrap-touchspin/bootstrap-touchspin.min.css]
[laravel.coderthemes.com/ubold/vertical/assets/libs/jquery-nice-select/jquery-nice-select.min.js]
[laravel.coderthemes.com/ubold/vertical/assets/libs/switchery/switchery.min.js]
[laravel.coderthemes.com/ubold/vertical/assets/libs/multiselect/multiselect.min.js]
[laravel.coderthemes.com/ubold/vertical/assets/libs/jquery-mockjax/jquery-mockjax.min.js]
[laravel.coderthemes.com/ubold/vertical/assets/libs/autocomplete/autocomplete.min.js]
[laravel.coderthemes.com/ubold/vertical/assets/libs/bootstrap-select/bootstrap-select.min.js]
[laravel.coderthemes.com/ubold/vertical/assets/libs/bootstrap-touchspin/bootstrap-touchspin.min.js]
[laravel.coderthemes.com/ubold/vertical/assets/libs/bootstrap-maxlength/bootstrap-maxlength.min.js]
[laravel.coderthemes.com/ubold/vertical/resources/js/pages/form-advanced.init.js]
[laravel.coderthemes.com/ubold/vertical/assets/js/pages/form-advanced.init.js]
[laravel.coderthemes.com/ubold/vertical/assets/libs/parsleyjs/parsleyjs.min.js]
[laravel.coderthemes.com/ubold/vertical/resources/js/pages/form-validation.init.js]
[laravel.coderthemes.com/ubold/vertical/assets/js/pages/form-validation.init.js]
[laravel.coderthemes.com/ubold/vertical/assets/libs/bootstrap-colorpicker/bootstrap-colorpicker.min.css]
[laravel.coderthemes.com/ubold/vertical/assets/libs/clockpicker/clockpicker.min.css]
[laravel.coderthemes.com/ubold/vertical/assets/libs/bootstrap-datepicker/bootstrap-datepicker.min.css]
[laravel.coderthemes.com/ubold/vertical/assets/libs/bootstrap-colorpicker/bootstrap-colorpicker.min.js]
[laravel.coderthemes.com/ubold/vertical/assets/libs/clockpicker/clockpicker.min.js]
[laravel.coderthemes.com/ubold/vertical/assets/libs/bootstrap-datepicker/bootstrap-datepicker.min.js]
[laravel.coderthemes.com/ubold/vertical/resources/js/pages/form-pickers.init.js]
[laravel.coderthemes.com/ubold/vertical/assets/js/pages/form-pickers.init.js]
[laravel.coderthemes.com/ubold/vertical/assets/libs/twitter-bootstrap-wizard/twitter-bootstrap-wizard.min.js]
[laravel.coderthemes.com/ubold/vertical/resources/js/pages/form-wizard.init.js]
[laravel.coderthemes.com/ubold/vertical/assets/js/pages/form-wizard.init.js]
[laravel.coderthemes.com/ubold/vertical/assets/libs/jquery-mask-plugin/jquery-mask-plugin.min.js]
[laravel.coderthemes.com/ubold/vertical/assets/libs/autonumeric/autonumeric.min.js]
[laravel.coderthemes.com/ubold/vertical/resources/js/pages/form-masks.init.js]
[laravel.coderthemes.com/ubold/vertical/assets/js/pages/form-masks.init.js]
[laravel.coderthemes.com/ubold/vertical/resources/js/pages/form-summernote.init.js]
[laravel.coderthemes.com/ubold/vertical/assets/js/pages/form-summernote.init.js]
[laravel.coderthemes.com/ubold/vertical/assets/libs/quill/quill.min.css]
[laravel.coderthemes.com/ubold/vertical/assets/libs/katex/katex.min.js]
[laravel.coderthemes.com/ubold/vertical/assets/libs/quill/quill.min.js]
[laravel.coderthemes.com/ubold/vertical/resources/js/pages/form-quilljs.init.17e.delayed]
[laravel.coderthemes.com/ubold/vertical/assets/js/pages/form-quilljs.init.js]
[laravel.coderthemes.com/ubold/vertical/assets/libs/fonts/dropify.eot]
[laravel.coderthemes.com/ubold/vertical/assets/libs/fonts/dropify.woff]
[laravel.coderthemes.com/ubold/vertical/assets/libs/fonts/dropify.ttf]
[laravel.coderthemes.com/ubold/vertical/assets/libs/fonts/dropify.svg]
[laravel.coderthemes.com/ubold/vertical/assets/libs/dropify/dropify.min.css]
[laravel.coderthemes.com/ubold/vertical/assets/libs/dropify/dropify.min.js]
[laravel.coderthemes.com/ubold/vertical/resources/js/pages/form-fileuploads.init.js]
[laravel.coderthemes.com/ubold/vertical/assets/js/pages/form-fileuploads.init.js]
[laravel.coderthemes.com/ubold/vertical/assets/libs/img/loading.gif]
[laravel.coderthemes.com/ubold/vertical/assets/libs/img/clear.png]
[laravel.coderthemes.com/ubold/vertical/assets/libs/x-editable/x-editable.min.css]
[laravel.coderthemes.com/ubold/vertical/assets/libs/x-editable/x-editable.min.js]
[laravel.coderthemes.com/ubold/vertical/resources/js/pages/form-xeditable.init.js]
[laravel.coderthemes.com/ubold/vertical/assets/js/pages/form-xeditable.init.js]
[laravel.coderthemes.com/ubold/vertical/assets/libs/cropper/cropper.min.css]
[laravel.coderthemes.com/ubold/vertical/assets/libs/cropper/cropper.min.js]
[laravel.coderthemes.com/ubold/vertical/resources/js/pages/form-imagecrop.init.188.delayed]
[laravel.coderthemes.com/ubold/vertical/assets/js/pages/form-imagecrop.init.js]
[laravel.coderthemes.com/ubold/vertical/assets/libs/pdfmake/pdfmake.min.js]
[laravel.coderthemes.com/ubold/vertical/resources/js/pages/datatables.init.js]
[laravel.coderthemes.com/ubold/vertical/assets/js/pages/datatables.init.js]
[laravel.coderthemes.com/ubold/vertical/assets/libs/jquery-tabledit/jquery-tabledit.min.js]
[laravel.coderthemes.com/ubold/vertical/resources/js/pages/tabledit.init.js]
[laravel.coderthemes.com/ubold/vertical/assets/js/pages/tabledit.init.js]
[laravel.coderthemes.com/ubold/vertical/assets/libs/rwd-table/rwd-table.min.css]
[laravel.coderthemes.com/ubold/vertical/assets/libs/rwd-table/rwd-table.min.js]
[laravel.coderthemes.com/ubold/vertical/resources/js/pages/responsive-table.init.js]
[laravel.coderthemes.com/ubold/vertical/assets/js/pages/responsive-table.init.js]
[laravel.coderthemes.com/ubold/vertical/assets/libs/footable/fonts/footable.eot]
[laravel.coderthemes.com/ubold/vertical/assets/libs/footable/fonts/footabled41d.eot]
[laravel.coderthemes.com/ubold/vertical/assets/libs/footable/fonts/footable.woff]
[laravel.coderthemes.com/ubold/vertical/assets/libs/footable/fonts/footable.ttf]
[laravel.coderthemes.com/ubold/vertical/assets/libs/footable/fonts/footable.svg]
[laravel.coderthemes.com/ubold/vertical/assets/libs/footable/footable.min.css]
[laravel.coderthemes.com/ubold/vertical/assets/libs/footable/footable.min.js]
[laravel.coderthemes.com/ubold/vertical/resources/js/pages/foo-tables.init.js]
[laravel.coderthemes.com/ubold/vertical/assets/js/pages/foo-tables.init.js]
[laravel.coderthemes.com/ubold/vertical/assets/libs/bootstrap-table/bootstrap-table.min.css]
[laravel.coderthemes.com/ubold/vertical/assets/libs/bootstrap-table/bootstrap-table.min.js]
[laravel.coderthemes.com/ubold/vertical/resources/js/pages/bootstrap-tables.init.js]
[laravel.coderthemes.com/ubold/vertical/assets/js/pages/bootstrap-tables.init.js]
[laravel.coderthemes.com/ubold/vertical/assets/libs/tablesaw/tablesaw.min.css]
[laravel.coderthemes.com/ubold/vertical/assets/libs/tablesaw/tablesaw.min.js]
[laravel.coderthemes.com/ubold/vertical/resources/js/pages/tablesaw.init.js]
[laravel.coderthemes.com/ubold/vertical/assets/js/pages/tablesaw.init.js]
[laravel.coderthemes.com/ubold/vertical/assets/libs/jsgrid/jsgrid.min.css]
[laravel.coderthemes.com/ubold/vertical/assets/libs/jsgrid/jsgrid.min.js]
[laravel.coderthemes.com/ubold/vertical/resources/js/pages/jsgrid.init.js]
[laravel.coderthemes.com/ubold/vertical/assets/js/pages/jsgrid.init.js]
[laravel.coderthemes.com/ubold/vertical/resources/js/pages/flot.init.js]
[laravel.coderthemes.com/ubold/vertical/assets/js/pages/flot.init.js]
[laravel.coderthemes.com/ubold/vertical/resources/js/pages/morris.init.js]
[laravel.coderthemes.com/ubold/vertical/assets/js/pages/morris.init.js]
[laravel.coderthemes.com/ubold/vertical/resources/js/pages/chartjs.init.js]
[laravel.coderthemes.com/ubold/vertical/assets/js/pages/chartjs.init.js]
[laravel.coderthemes.com/ubold/vertical/resources/js/pages/peity.init.js]
[laravel.coderthemes.com/ubold/vertical/assets/js/pages/peity.init.js]
[laravel.coderthemes.com/ubold/vertical/assets/libs/chartist/chartist.min.css]
[laravel.coderthemes.com/ubold/vertical/assets/libs/chartist/chartist.min.js]
[laravel.coderthemes.com/ubold/vertical/resources/js/pages/chartist.init.js]
[laravel.coderthemes.com/ubold/vertical/assets/js/pages/chartist.init.js]
[laravel.coderthemes.com/ubold/vertical/assets/libs/c3/c3.min.css]
[laravel.coderthemes.com/ubold/vertical/assets/libs/d3/d3.min.js]
[laravel.coderthemes.com/ubold/vertical/assets/libs/c3/c3.min.js]
[laravel.coderthemes.com/ubold/vertical/resources/js/pages/c3.init.js]
[laravel.coderthemes.com/ubold/vertical/assets/js/pages/c3.init.js]
[laravel.coderthemes.com/ubold/vertical/resources/js/pages/sparkline.init.js]
[laravel.coderthemes.com/ubold/vertical/assets/js/pages/sparkline.init.js]
[laravel.coderthemes.com/ubold/vertical/assets/libs/rickshaw/rickshaw.min.css]
[laravel.coderthemes.com/ubold/vertical/assets/libs/rickshaw/rickshaw.min.js]
[laravel.coderthemes.com/ubold/vertical/resources/js/pages/ricksaw.init.js]
[laravel.coderthemes.com/ubold/vertical/assets/js/pages/ricksaw.init.js]
[laravel.coderthemes.com/ubold/vertical/assets/libs/justgage/justgage.min.js]
[laravel.coderthemes.com/ubold/vertical/resources/js/pages/justgage.init.js]
[laravel.coderthemes.com/ubold/vertical/assets/js/pages/justgage.init.js]
[laravel.coderthemes.com/ubold/vertical/assets/libs/gmaps/gmaps.min.js]
[laravel.coderthemes.com/ubold/vertical/resources/js/pages/google-maps.init.js]
[laravel.coderthemes.com/ubold/vertical/assets/js/pages/google-maps.init.js]
[laravel.coderthemes.com/ubold/vertical/resources/js/pages/vector-maps.init.js]
[laravel.coderthemes.com/ubold/vertical/assets/js/pages/vector-maps.init.js]
[laravel.coderthemes.com/ubold/vertical/assets/libs/jquery-mapael/jquery-mapael.min.js]
[laravel.coderthemes.com/ubold/vertical/resources/js/pages/mapeal-maps.init.js]
[laravel.coderthemes.com/ubold/vertical/assets/js/pages/mapeal-maps.init.js]
[laravel.coderthemes.com/ubold/vertical/true/index.html]
[laravel.coderthemes.com/ubold/vertical/resources/js/pages/dashboard-2.init.html]
[laravel.coderthemes.com/ubold/vertical/resources/js/pages/dashboard-1.init.html]
[laravel.coderthemes.com/ubold/vertical/resources/js/pages/jquery.chat.html]
[laravel.coderthemes.com/ubold/vertical/resources/js/pages/jquery.todo.html]
[laravel.coderthemes.com/ubold/vertical/resources/js/pages/dashboard-3.init.html]
[laravel.coderthemes.com/ubold/vertical/resources/js/pages/dashboard-4.init.html]
[laravel.coderthemes.com/ubold/vertical/resources/js/pages/kanban.init.html]
[laravel.coderthemes.com/ubold/vertical/resources/js/pages/calendar.init.html]
[laravel.coderthemes.com/ubold/vertical/Trident/index.html]
[laravel.coderthemes.com/ubold/vertical/Edge/index.html]
[laravel.coderthemes.com/ubold/vertical/xl/worksheets/sheet1.html]
[laravel.coderthemes.com/ubold/vertical/xl/workbook.html]
[laravel.coderthemes.com/ubold/vertical/xl/styles.html]
[laravel.coderthemes.com/ubold/vertical/resources/js/pages/tickets.html]
[laravel.coderthemes.com/ubold/vertical/resources/js/pages/crm-dashboard.init.html]
[laravel.coderthemes.com/ubold/vertical/resources/js/pages/crm-opportunities.init.html]
[laravel.coderthemes.com/ubold/vertical/resources/js/pages/crm-leads.init.html]
[laravel.coderthemes.com/ubold/vertical/resources/js/pages/ecommerce-dashboard.init.html]
[laravel.coderthemes.com/ubold/vertical/assets/libs/summernote/font/summernotec360.html]
[laravel.coderthemes.com/ubold/vertical/assets/libs/summernote/font/summernotec360-2.html]
[laravel.coderthemes.com/ubold/vertical/assets/libs/summernote/font/summernotec360-3.html]
[laravel.coderthemes.com/ubold/vertical/image/index.html]
[laravel.coderthemes.com/ubold/vertical/resources/js/pages/add-product.init.html]
[laravel.coderthemes.com/ubold/vertical/resources/js/pages/inbox.html]
[laravel.coderthemes.com/ubold/assets/images/logo-dark.html]
[laravel.coderthemes.com/ubold/assets/images/logo-light.html]
[laravel.coderthemes.com/ubold/vertical/resources/js/pages/coming-soon.init.html]
[laravel.coderthemes.com/ubold/vertical/resources/js/pages/gallery.init.html]
[laravel.coderthemes.com/ubold/vertical/resources/js/pages/toastr.init.html]
[laravel.coderthemes.com/ubold/vertical/resources/js/pages/widgets.init.html]
[laravel.coderthemes.com/ubold/vertical/resources/js/pages/nestable.init.html]
[laravel.coderthemes.com/ubold/vertical/resources/js/pages/range-sliders.init.html]
[laravel.coderthemes.com/ubold/vertical/resources/js/pages/animation.init.html]
[laravel.coderthemes.com/ubold/vertical/resources/js/pages/sweet-alerts.init.html]
[laravel.coderthemes.com/ubold/vertical/assets/libs/img/sprite-green.html]
[laravel.coderthemes.com/ubold/vertical/resources/js/pages/tour.init.html]
[laravel.coderthemes.com/ubold/vertical/resources/js/pages/loading-btn.init.html]
[laravel.coderthemes.com/ubold/vertical/assets/libs/img/switch.html]
[laravel.coderthemes.com/ubold/vertical/resources/js/pages/form-advanced.init.html]
[laravel.coderthemes.com/ubold/vertical/resources/js/pages/form-validation.init.html]
[laravel.coderthemes.com/ubold/vertical/resources/js/pages/form-pickers.init.html]
[laravel.coderthemes.com/ubold/vertical/resources/js/pages/form-wizard.init.html]
[laravel.coderthemes.com/ubold/vertical/resources/js/pages/form-masks.init.html]
[laravel.coderthemes.com/ubold/vertical/resources/js/pages/form-summernote.init.html]
[laravel.coderthemes.com/ubold/vertical/blots/index.html]
[laravel.coderthemes.com/ubold/vertical/formats/index.html]
[laravel.coderthemes.com/ubold/vertical/resources/js/pages/form-quilljs.init.html]
[laravel.coderthemes.com/ubold/vertical/assets/libs/fonts/dropify.html]
[laravel.coderthemes.com/ubold/vertical/assets/libs/fonts/dropify-2.html]
[laravel.coderthemes.com/ubold/vertical/assets/libs/fonts/dropify-3.html]
[laravel.coderthemes.com/ubold/vertical/assets/libs/fonts/dropify-4.html]
[laravel.coderthemes.com/ubold/vertical/resources/js/pages/form-fileuploads.init.html]
[laravel.coderthemes.com/ubold/vertical/assets/libs/img/loading.html]
[laravel.coderthemes.com/ubold/vertical/assets/libs/img/clear.html]
[laravel.coderthemes.com/ubold/vertical/resources/js/pages/form-xeditable.init.html]
[laravel.coderthemes.com/ubold/vertical/resources/js/pages/form-imagecrop.init.html]
[laravel.coderthemes.com/ubold/vertical/ABCDEFGHIJKLMNOPQRSTUVWXYZabcdefghijklmnopqrstuvwxyz0123456789+/index.html]
[laravel.coderthemes.com/ubold/vertical/resources/js/pages/datatables.init.html]
[laravel.coderthemes.com/ubold/vertical/resources/js/pages/tabledit.init.html]
[laravel.coderthemes.com/ubold/vertical/resources/js/pages/responsive-table.init.html]
[laravel.coderthemes.com/ubold/vertical/assets/libs/footable/fonts/footable.html]
[laravel.coderthemes.com/ubold/vertical/assets/libs/footable/fonts/footabled41d.html]
[laravel.coderthemes.com/ubold/vertical/assets/libs/footable/fonts/footable-2.html]
[laravel.coderthemes.com/ubold/vertical/assets/libs/footable/fonts/footable-3.html]
[laravel.coderthemes.com/ubold/vertical/assets/libs/footable/fonts/footable-4.html]
[laravel.coderthemes.com/ubold/vertical/resources/js/pages/foo-tables.init.html]
[laravel.coderthemes.com/ubold/vertical/resources/js/pages/bootstrap-tables.init.html]
[laravel.coderthemes.com/ubold/vertical/resources/js/pages/tablesaw.init.html]
[laravel.coderthemes.com/ubold/vertical/resources/js/pages/jsgrid.init.html]
[laravel.coderthemes.com/ubold/vertical/resources/js/pages/flot.init.html]
[laravel.coderthemes.com/ubold/vertical/resources/js/pages/morris.init.html]
[laravel.coderthemes.com/ubold/vertical/resources/js/pages/chartjs.init.html]
[laravel.coderthemes.com/ubold/vertical/resources/js/pages/peity.init.html]
[laravel.coderthemes.com/ubold/vertical/resources/js/pages/chartist.init.html]
[laravel.coderthemes.com/ubold/vertical/resources/js/pages/c3.init.html]
[laravel.coderthemes.com/ubold/vertical/resources/js/pages/sparkline.init.html]
[laravel.coderthemes.com/ubold/vertical/resources/js/pages/ricksaw.init.html]
[laravel.coderthemes.com/ubold/vertical/resources/js/pages/justgage.init.html]
[laravel.coderthemes.com/ubold/vertical/resources/js/pages/google-maps.init.html]
[laravel.coderthemes.com/ubold/vertical/resources/js/pages/vector-maps.init.html]
[laravel.coderthemes.com/ubold/vertical/resources/js/pages/mapeal-maps.init.html]
[laravel.coderthemes.com/ubold/vertical/cropped.html]
[laravel.coderthemes.com/ubold/vertical/GET.html]
[laravel.coderthemes.com/ubold/vertical/[Content_Types].html]
[laravel.coderthemes.com/ubold/vertical/buttons.html]
[laravel.coderthemes.com/ubold/vertical/spin.html]
[laravel.coderthemes.com/ubold/vertical/get-2.html]
[laravel.coderthemes.com/ubold/vertical/HEAD.html]
[laravel.coderthemes.com/ubold/vertical/true.html]
[laravel.coderthemes.com/ubold/vertical/Trident.html]
[laravel.coderthemes.com/ubold/vertical/Edge.html]
[laravel.coderthemes.com/ubold/vertical/image.html]
[laravel.coderthemes.com/ubold/vertical/blots.html]
[laravel.coderthemes.com/ubold/vertical/formats.html]
[laravel.coderthemes.com/ubold/vertical/ABCDEFGHIJKLMNOPQRSTUVWXYZabcdefghijklmnopqrstuvwxyz0123456789+.html]
